../Core/Src/main.c:71:6:delay	16	static
../Core/Src/main.c:95:6:HAL_TIM_IC_CaptureCallback	16	static
../Core/Src/main.c:158:6:HCSR04_Read	8	static
../Core/Src/main.c:172:5:main	32	static
../Core/Src/main.c:275:6:SystemClock_Config	88	static
../Core/Src/main.c:321:13:MX_I2C1_Init	8	static
../Core/Src/main.c:355:13:MX_TIM1_Init	32	static
../Core/Src/main.c:404:13:MX_TIM2_Init	64	static
../Core/Src/main.c:475:13:MX_TIM5_Init	72	static
../Core/Src/main.c:549:13:MX_GPIO_Init	48	static
../Core/Src/main.c:595:6:Error_Handler	4	static,ignoring_inline_asm
