../Core/Src/main.c:67:6:delay	16	static
../Core/Src/main.c:84:6:HAL_TIM_IC_CaptureCallback	16	static
../Core/Src/main.c:138:6:HCSR04_Read	8	static
../Core/Src/main.c:152:5:main	8	static
../Core/Src/main.c:206:6:SystemClock_Config	88	static
../Core/Src/main.c:252:13:MX_I2C1_Init	8	static
../Core/Src/main.c:286:13:MX_TIM1_Init	32	static
../Core/Src/main.c:335:13:MX_TIM2_Init	64	static
../Core/Src/main.c:406:13:MX_TIM5_Init	72	static
../Core/Src/main.c:480:13:MX_GPIO_Init	48	static
../Core/Src/main.c:520:6:Error_Handler	4	static,ignoring_inline_asm
